pages/InvoicesPage.tsx(158,30): error TS2339: Property 'paymentStatus' does not exist on type 'Invoice'.
pages/InvoicesPage.tsx(581,26): error TS2339: Property 'paymentStatus' does not exist on type 'Invoice'.
server/routes.ts(1761,35): error TS2339: Property 'material' does not exist on type 'PrismaClient<PrismaClientOptions, never, DefaultArgs>'.
server/routes.ts(1775,37): error TS2339: Property 'material' does not exist on type 'PrismaClient<PrismaClientOptions, never, DefaultArgs>'.
server/routes.ts(1793,21): error TS2353: Object literal may only specify known properties, and 'materialId' does not exist in type '(Without<InventoryMovementCreateInput, InventoryMovementUncheckedCreateInput> & InventoryMovementUncheckedCreateInput) | (Without<...> & InventoryMovementCreateInput)'.
server/routes.ts(1804,22): error TS2339: Property 'material' does not exist on type 'Omit<PrismaClient<PrismaClientOptions, never, DefaultArgs>, "$connect" | "$disconnect" | "$on" | "$transaction" | "$use" | "$extends">'.
server/routes.ts(2633,17): error TS2353: Object literal may only specify known properties, and 'features' does not exist in type '(Without<SubscriptionPlanCreateInput, SubscriptionPlanUncheckedCreateInput> & SubscriptionPlanUncheckedCreateInput) | (Without<...> & SubscriptionPlanCreateInput)'.
server/routes.ts(2655,17): error TS2353: Object literal may only specify known properties, and 'features' does not exist in type '(Without<SubscriptionPlanUpdateInput, SubscriptionPlanUncheckedUpdateInput> & SubscriptionPlanUncheckedUpdateInput) | (Without<...> & SubscriptionPlanUpdateInput)'.
